------------------------------------------------------------
TimeQuest Timing Analyzer Summary
------------------------------------------------------------

Type  : Slow Model Setup 'counter_div_clk[2]'
Slack : -80.714
TNS   : -17044.432

Type  : Slow Model Setup 'vga_controller:vga|clk_25mhz'
Slack : -78.659
TNS   : -15734.348

Type  : Slow Model Setup 'CLOCK_50'
Slack : -75.336
TNS   : -7764.659

Type  : Slow Model Hold 'CLOCK_50'
Slack : -2.703
TNS   : -5.398

Type  : Slow Model Hold 'counter_div_clk[2]'
Slack : 0.445
TNS   : 0.000

Type  : Slow Model Hold 'vga_controller:vga|clk_25mhz'
Slack : 0.445
TNS   : 0.000

Type  : Slow Model Recovery 'counter_div_clk[2]'
Slack : -0.533
TNS   : -28.157

Type  : Slow Model Recovery 'vga_controller:vga|clk_25mhz'
Slack : -0.328
TNS   : -6.560

Type  : Slow Model Recovery 'CLOCK_50'
Slack : 0.291
TNS   : 0.000

Type  : Slow Model Removal 'CLOCK_50'
Slack : -0.039
TNS   : -0.039

Type  : Slow Model Removal 'counter_div_clk[2]'
Slack : 0.385
TNS   : 0.000

Type  : Slow Model Removal 'vga_controller:vga|clk_25mhz'
Slack : 0.580
TNS   : 0.000

Type  : Slow Model Minimum Pulse Width 'vga_controller:vga|clk_25mhz'
Slack : -2.064
TNS   : -1807.736

Type  : Slow Model Minimum Pulse Width 'CLOCK_50'
Slack : -1.631
TNS   : -1182.083

Type  : Slow Model Minimum Pulse Width 'SW[9]'
Slack : -1.631
TNS   : -1.631

Type  : Slow Model Minimum Pulse Width 'counter_div_clk[2]'
Slack : -0.611
TNS   : -545.012

Type  : Fast Model Setup 'counter_div_clk[2]'
Slack : -29.462
TNS   : -6146.696

Type  : Fast Model Setup 'vga_controller:vga|clk_25mhz'
Slack : -28.682
TNS   : -5619.294

Type  : Fast Model Setup 'CLOCK_50'
Slack : -27.330
TNS   : -2436.444

Type  : Fast Model Hold 'CLOCK_50'
Slack : -1.730
TNS   : -12.867

Type  : Fast Model Hold 'counter_div_clk[2]'
Slack : 0.084
TNS   : 0.000

Type  : Fast Model Hold 'vga_controller:vga|clk_25mhz'
Slack : 0.215
TNS   : 0.000

Type  : Fast Model Recovery 'counter_div_clk[2]'
Slack : -0.064
TNS   : -0.696

Type  : Fast Model Recovery 'vga_controller:vga|clk_25mhz'
Slack : 0.057
TNS   : 0.000

Type  : Fast Model Recovery 'CLOCK_50'
Slack : 0.408
TNS   : 0.000

Type  : Fast Model Removal 'CLOCK_50'
Slack : -0.028
TNS   : -0.028

Type  : Fast Model Removal 'counter_div_clk[2]'
Slack : 0.261
TNS   : 0.000

Type  : Fast Model Removal 'vga_controller:vga|clk_25mhz'
Slack : 0.322
TNS   : 0.000

Type  : Fast Model Minimum Pulse Width 'vga_controller:vga|clk_25mhz'
Slack : -1.627
TNS   : -1425.728

Type  : Fast Model Minimum Pulse Width 'CLOCK_50'
Slack : -1.380
TNS   : -967.380

Type  : Fast Model Minimum Pulse Width 'SW[9]'
Slack : -1.380
TNS   : -1.380

Type  : Fast Model Minimum Pulse Width 'counter_div_clk[2]'
Slack : -0.500
TNS   : -446.000

------------------------------------------------------------
