------------------------------------------------------------
TimeQuest Timing Analyzer Summary
------------------------------------------------------------

Type  : Slow Model Setup 'counter_div_clk[2]'
Slack : -70.837
TNS   : -13820.393

Type  : Slow Model Setup 'vga_controller:vga|clk_25mhz'
Slack : -69.961
TNS   : -15027.459

Type  : Slow Model Setup 'CLOCK_50'
Slack : -64.985
TNS   : -8294.533

Type  : Slow Model Hold 'CLOCK_50'
Slack : -2.695
TNS   : -5.385

Type  : Slow Model Hold 'counter_div_clk[2]'
Slack : 0.445
TNS   : 0.000

Type  : Slow Model Hold 'vga_controller:vga|clk_25mhz'
Slack : 0.445
TNS   : 0.000

Type  : Slow Model Recovery 'counter_div_clk[2]'
Slack : -0.520
TNS   : -8.423

Type  : Slow Model Recovery 'vga_controller:vga|clk_25mhz'
Slack : -0.140
TNS   : -2.794

Type  : Slow Model Recovery 'CLOCK_50'
Slack : 0.291
TNS   : 0.000

Type  : Slow Model Removal 'CLOCK_50'
Slack : -0.039
TNS   : -0.039

Type  : Slow Model Removal 'counter_div_clk[2]'
Slack : 0.385
TNS   : 0.000

Type  : Slow Model Removal 'vga_controller:vga|clk_25mhz'
Slack : 0.391
TNS   : 0.000

Type  : Slow Model Minimum Pulse Width 'vga_controller:vga|clk_25mhz'
Slack : -2.064
TNS   : -1807.736

Type  : Slow Model Minimum Pulse Width 'CLOCK_50'
Slack : -1.631
TNS   : -1182.083

Type  : Slow Model Minimum Pulse Width 'SW[9]'
Slack : -1.631
TNS   : -1.631

Type  : Slow Model Minimum Pulse Width 'counter_div_clk[2]'
Slack : -0.611
TNS   : -383.708

Type  : Fast Model Setup 'counter_div_clk[2]'
Slack : -25.990
TNS   : -5007.403

Type  : Fast Model Setup 'vga_controller:vga|clk_25mhz'
Slack : -25.536
TNS   : -5357.708

Type  : Fast Model Setup 'CLOCK_50'
Slack : -23.489
TNS   : -2688.326

Type  : Fast Model Hold 'CLOCK_50'
Slack : -1.725
TNS   : -18.320

Type  : Fast Model Hold 'counter_div_clk[2]'
Slack : 0.140
TNS   : 0.000

Type  : Fast Model Hold 'vga_controller:vga|clk_25mhz'
Slack : 0.215
TNS   : 0.000

Type  : Fast Model Recovery 'counter_div_clk[2]'
Slack : -0.061
TNS   : -0.524

Type  : Fast Model Recovery 'vga_controller:vga|clk_25mhz'
Slack : 0.111
TNS   : 0.000

Type  : Fast Model Recovery 'CLOCK_50'
Slack : 0.408
TNS   : 0.000

Type  : Fast Model Removal 'CLOCK_50'
Slack : -0.028
TNS   : -0.028

Type  : Fast Model Removal 'counter_div_clk[2]'
Slack : 0.261
TNS   : 0.000

Type  : Fast Model Removal 'vga_controller:vga|clk_25mhz'
Slack : 0.268
TNS   : 0.000

Type  : Fast Model Minimum Pulse Width 'vga_controller:vga|clk_25mhz'
Slack : -1.627
TNS   : -1425.728

Type  : Fast Model Minimum Pulse Width 'CLOCK_50'
Slack : -1.380
TNS   : -967.380

Type  : Fast Model Minimum Pulse Width 'SW[9]'
Slack : -1.380
TNS   : -1.380

Type  : Fast Model Minimum Pulse Width 'counter_div_clk[2]'
Slack : -0.500
TNS   : -314.000

------------------------------------------------------------
